<?xml version="1.0" encoding="UTF-8"?>
<testsuites name="jest tests" tests="1" failures="0" errors="0" time="1.505">
  <testsuite name="undefined" errors="0" failures="0" skipped="0" timestamp="2021-06-22T10:42:49" time="1.435" tests="1">
    <testcase classname=" My Greeter" name=" My Greeter" time="0.001">
    </testcase>
  </testsuite>
</testsuites>